nokia5110_LCD.c:15:6:LCD_setRST	16	static
nokia5110_LCD.c:20:6:LCD_setCE	16	static
nokia5110_LCD.c:25:6:LCD_setDC	16	static
nokia5110_LCD.c:29:6:LCD_setDIN	16	static
nokia5110_LCD.c:34:6:LCD_setCLK	16	static
nokia5110_LCD.c:45:6:LCD_send	24	static
nokia5110_LCD.c:60:6:LCD_write	16	static
nokia5110_LCD.c:78:6:LCD_init	8	static
nokia5110_LCD.c:95:6:LCD_invert	16	static
nokia5110_LCD.c:108:6:LCD_invertText	16	static
nokia5110_LCD.c:135:6:LCD_print	16	static
nokia5110_LCD.c:145:6:LCD_clrScr	16	static
nokia5110_LCD.c:157:6:LCD_goXY	16	static
nokia5110_LCD.c:165:6:LCD_refreshScr	16	static
nokia5110_LCD.c:181:6:LCD_refreshArea	32	static
nokia5110_LCD.c:198:6:LCD_setPixel	16	static
nokia5110_LCD.c:218:6:LCD_drawHLine	40	static
nokia5110_LCD.c:236:6:LCD_drawVLine	32	static
nokia5110_LCD.c:250:5:abs	16	static
nokia5110_LCD.c:264:6:LCD_drawLine	80	static
nokia5110_LCD.c:343:6:LCD_drawRectangle	24	static
